{"streams":[{"stream":{"App":"test"},"values":[["<unixepochinnanoseconds>","{\u0022Message\u0022:\u0022Hello {App}\u0022,\u0022MessageTemplate\u0022:\u0022Hello {App}\u0022,\u0022level\u0022:\u0022info\u0022}"]]}]}