{"streams":[{"stream":{},"values":[["<unixepochinnanoseconds>","{\u0022Message\u0022:\u0022This is an information without params\u0022,\u0022MessageTemplate\u0022:\u0022This is an information without params\u0022,\u0022level\u0022:\u0022info\u0022}"],["<unixepochinnanoseconds>","{\u0022Message\u0022:\u0022This is also an information without params\u0022,\u0022MessageTemplate\u0022:\u0022This is also an information without params\u0022,\u0022level\u0022:\u0022info\u0022}"]]}]}