{"streams":[{"stream":{},"values":[["<unixepochinnanoseconds>","{\u0022Message\u0022:\u0022An error occured\u0022,\u0022MessageTemplate\u0022:\u0022An error occured\u0022,\u0022Exception\u0022:{\u0022Type\u0022:\u0022System.AggregateException\u0022,\u0022Message\u0022:\u0022AggregateException (Exception 0) (Exception 1) (Exception 2) (Exception 3) (Exception 4)\u0022,\u0022StackTrace\u0022:\u0022   at Serilog.Sinks.Grafana.Loki.Tests.IntegrationTests.LokiJsonTextFormatterRequestPayloadTests.AggregateExceptionShouldBeSerializedCorrectly() in C:\\\\Projects\\\\Serilog.Sinks.Grafana.Loki\\\\test\\\\Serilog.Sinks.Grafana.Loki.Tests\\\\IntegrationTests\\\\LokiJsonTextFormatterRequestPayloadTests.cs:line 176\u0022,\u0022InnerExceptions\u0022:[{\u0022Type\u0022:\u0022System.Exception\u0022,\u0022Message\u0022:\u0022Exception 0\u0022,\u0022StackTrace\u0022:\u0022   at Serilog.Sinks.Grafana.Loki.Tests.IntegrationTests.LokiJsonTextFormatterRequestPayloadTests.AggregateExceptionShouldBeSerializedCorrectly() in C:\\\\Projects\\\\Serilog.Sinks.Grafana.Loki\\\\test\\\\Serilog.Sinks.Grafana.Loki.Tests\\\\IntegrationTests\\\\LokiJsonTextFormatterRequestPayloadTests.cs:line 168\u0022},{\u0022Type\u0022:\u0022System.Exception\u0022,\u0022Message\u0022:\u0022Exception 1\u0022,\u0022StackTrace\u0022:\u0022   at Serilog.Sinks.Grafana.Loki.Tests.IntegrationTests.LokiJsonTextFormatterRequestPayloadTests.AggregateExceptionShouldBeSerializedCorrectly() in C:\\\\Projects\\\\Serilog.Sinks.Grafana.Loki\\\\test\\\\Serilog.Sinks.Grafana.Loki.Tests\\\\IntegrationTests\\\\LokiJsonTextFormatterRequestPayloadTests.cs:line 168\u0022},{\u0022Type\u0022:\u0022System.Exception\u0022,\u0022Message\u0022:\u0022Exception 2\u0022,\u0022StackTrace\u0022:\u0022   at Serilog.Sinks.Grafana.Loki.Tests.IntegrationTests.LokiJsonTextFormatterRequestPayloadTests.AggregateExceptionShouldBeSerializedCorrectly() in C:\\\\Projects\\\\Serilog.Sinks.Grafana.Loki\\\\test\\\\Serilog.Sinks.Grafana.Loki.Tests\\\\IntegrationTests\\\\LokiJsonTextFormatterRequestPayloadTests.cs:line 168\u0022},{\u0022Type\u0022:\u0022System.Exception\u0022,\u0022Message\u0022:\u0022Exception 3\u0022,\u0022StackTrace\u0022:\u0022   at Serilog.Sinks.Grafana.Loki.Tests.IntegrationTests.LokiJsonTextFormatterRequestPayloadTests.AggregateExceptionShouldBeSerializedCorrectly() in C:\\\\Projects\\\\Serilog.Sinks.Grafana.Loki\\\\test\\\\Serilog.Sinks.Grafana.Loki.Tests\\\\IntegrationTests\\\\LokiJsonTextFormatterRequestPayloadTests.cs:line 168\u0022},{\u0022Type\u0022:\u0022System.Exception\u0022,\u0022Message\u0022:\u0022Exception 4\u0022,\u0022StackTrace\u0022:\u0022   at Serilog.Sinks.Grafana.Loki.Tests.IntegrationTests.LokiJsonTextFormatterRequestPayloadTests.AggregateExceptionShouldBeSerializedCorrectly() in C:\\\\Projects\\\\Serilog.Sinks.Grafana.Loki\\\\test\\\\Serilog.Sinks.Grafana.Loki.Tests\\\\IntegrationTests\\\\LokiJsonTextFormatterRequestPayloadTests.cs:line 168\u0022}]},\u0022level\u0022:\u0022error\u0022}"]]}]}