{"streams":[{"stream":{},"values":[["<unixepochinnanoseconds>","{\u0022Message\u0022:\u0022The meaning of life is 42\u0022,\u0022MessageTemplate\u0022:\u0022The meaning of life is {MeaningOfLife}\u0022,\u0022MeaningOfLife\u0022:42,\u0022level\u0022:\u0022info\u0022}"]]}]}