{"streams":[{"stream":{},"values":[["<unixepochinnanoseconds>","{\u0022Message\u0022:\u0022What is the meaning of life?\u0022,\u0022MessageTemplate\u0022:\u0022What is the meaning of life?\u0022,\u0022level\u0022:\u0022info\u0022}"]]},{"stream":{"MeaningOfLife":"42"},"values":[["<unixepochinnanoseconds>","{\u0022Message\u0022:\u0022The meaning of life is {MeaningOfLife}\u0022,\u0022MessageTemplate\u0022:\u0022The meaning of life is {MeaningOfLife}\u0022,\u0022level\u0022:\u0022info\u0022}"]]}]}