{"streams":[{"stream":{},"values":[["<unixepochinnanoseconds>","{\u0022Message\u0022:\u0022An error occured\u0022,\u0022MessageTemplate\u0022:\u0022An error occured\u0022,\u0022Exception\u0022:{\u0022Type\u0022:\u0022System.Exception\u0022,\u0022StackTrace\u0022:\u0022   at Serilog.Sinks.Grafana.Loki.Tests.IntegrationTests.LokiJsonTextFormatterRequestPayloadTests.MessagePropertyForExceptionsWithoutMessageShouldNotBeCreated() in <stack-trace>},\u0022level\u0022:\u0022error\u0022}"]]}]}